
  .   ____          _            __ _ _
 /\\ / ___'_ __ _ _(_)_ __  __ _ \ \ \ \
( ( )\___ | '_ | '_| | '_ \/ _` | \ \ \ \
 \\/  ___)| |_)| | | | | || (_| |  ) ) ) )
  '  |____| .__|_| |_|_| |_\__, | / / / /
 =========|_|==============|___/=/_/_/_/

 :: Spring Boot ::                (v3.4.7)

2026-08-20T21:13:17.672+01:00  INFO 10364 --- [           main] com.example.FilterxFixtureApplication    : Starting FilterxFixtureApplication v1.0.0 using Java 21.0.8 with PID 10364 (C:\filterx-matrix-20260820\projects\spring-boot-jpa__vue\target\filterx-matrix-1.0.0.jar started by raedn in C:\filterx-matrix-20260820\projects\spring-boot-jpa__vue)
2026-08-20T21:13:17.674+01:00  INFO 10364 --- [           main] com.example.FilterxFixtureApplication    : No active profile set, falling back to 1 default profile: "default"
2026-08-20T21:13:19.222+01:00  INFO 10364 --- [           main] .s.d.r.c.RepositoryConfigurationDelegate : Bootstrapping Spring Data JPA repositories in DEFAULT mode.
2026-08-20T21:13:19.256+01:00  INFO 10364 --- [           main] .s.d.r.c.RepositoryConfigurationDelegate : Finished Spring Data repository scanning in 19 ms. Found 0 JPA repository interfaces.
2026-08-20T21:13:20.781+01:00  INFO 10364 --- [           main] o.s.b.w.embedded.tomcat.TomcatWebServer  : Tomcat initialized with port 8000 (http)
2026-08-20T21:13:20.802+01:00  INFO 10364 --- [           main] o.apache.catalina.core.StandardService   : Starting service [Tomcat]
2026-08-20T21:13:20.802+01:00  INFO 10364 --- [           main] o.apache.catalina.core.StandardEngine    : Starting Servlet engine: [Apache Tomcat/10.1.42]
2026-08-20T21:13:20.843+01:00  INFO 10364 --- [           main] o.a.c.c.C.[Tomcat].[localhost].[/]       : Initializing Spring embedded WebApplicationContext
2026-08-20T21:13:20.846+01:00  INFO 10364 --- [           main] w.s.c.ServletWebServerApplicationContext : Root WebApplicationContext: initialization completed in 3120 ms
2026-08-20T21:13:21.237+01:00  INFO 10364 --- [           main] o.hibernate.jpa.internal.util.LogHelper  : HHH000204: Processing PersistenceUnitInfo [name: default]
2026-08-20T21:13:21.306+01:00  INFO 10364 --- [           main] org.hibernate.Version                    : HHH000412: Hibernate ORM core version 6.6.18.Final
2026-08-20T21:13:21.346+01:00  INFO 10364 --- [           main] o.h.c.internal.RegionFactoryInitiator    : HHH000026: Second-level cache disabled
2026-08-20T21:13:21.627+01:00  INFO 10364 --- [           main] o.s.o.j.p.SpringPersistenceUnitInfo      : No LoadTimeWeaver setup: ignoring JPA class transformer
2026-08-20T21:13:21.656+01:00  INFO 10364 --- [           main] com.zaxxer.hikari.HikariDataSource       : HikariPool-1 - Starting...
2026-08-20T21:13:26.117+01:00  INFO 10364 --- [           main] com.zaxxer.hikari.pool.HikariPool        : HikariPool-1 - Added connection conn1: url=jdbc:h2:file:./filterx user=
2026-08-20T21:13:26.119+01:00  INFO 10364 --- [           main] com.zaxxer.hikari.HikariDataSource       : HikariPool-1 - Start completed.
2026-08-20T21:13:26.180+01:00  INFO 10364 --- [           main] org.hibernate.orm.connections.pooling    : HHH10001005: Database info:
	Database JDBC URL [Connecting through datasource 'HikariDataSource (HikariPool-1)']
	Database driver: undefined/unknown
	Database version: 2.3.232
	Autocommit mode: undefined/unknown
	Isolation level: undefined/unknown
	Minimum pool size: undefined/unknown
	Maximum pool size: undefined/unknown
2026-08-20T21:13:27.540+01:00  INFO 10364 --- [           main] o.h.e.t.j.p.i.JtaPlatformInitiator       : HHH000489: No JTA platform available (set 'hibernate.transaction.jta.platform' to enable JTA platform integration)
2026-08-20T21:13:27.601+01:00  INFO 10364 --- [           main] j.LocalContainerEntityManagerFactoryBean : Initialized JPA EntityManagerFactory for persistence unit 'default'
2026-08-20T21:13:28.957+01:00  WARN 10364 --- [           main] .s.s.UserDetailsServiceAutoConfiguration : 

Using generated security password: 334a488e-4e98-468e-80f7-df6bd834d956

This generated password is for development use only. Your security configuration must be updated before running your application in production.

2026-08-20T21:13:29.005+01:00  INFO 10364 --- [           main] r$InitializeUserDetailsManagerConfigurer : Global AuthenticationManager configured with UserDetailsService bean with name inMemoryUserDetailsManager
2026-08-20T21:13:31.117+01:00  INFO 10364 --- [           main] o.s.b.w.embedded.tomcat.TomcatWebServer  : Tomcat started on port 8000 (http) with context path '/'
2026-08-20T21:13:31.141+01:00  INFO 10364 --- [           main] com.example.FilterxFixtureApplication    : Started FilterxFixtureApplication in 13.886 seconds (process running for 14.352)
2026-08-20T21:13:31.599+01:00  INFO 10364 --- [0.1-8000-exec-1] o.a.c.c.C.[Tomcat].[localhost].[/]       : Initializing Spring DispatcherServlet 'dispatcherServlet'
2026-08-20T21:13:31.599+01:00  INFO 10364 --- [0.1-8000-exec-1] o.s.web.servlet.DispatcherServlet        : Initializing Servlet 'dispatcherServlet'
2026-08-20T21:13:31.599+01:00  INFO 10364 --- [0.1-8000-exec-1] o.s.web.servlet.DispatcherServlet        : Completed initialization in 0 ms
2026-08-20T21:13:32.050+01:00  INFO 10364 --- [0.1-8000-exec-3] c.e.f.generated.FilterxQueryService      : filterx_query entity=Book action=query page=1 size=20 total=2
2026-08-20T21:13:32.100+01:00  INFO 10364 --- [0.1-8000-exec-4] c.e.f.generated.FilterxQueryService      : filterx_query entity=Book action=query page=1 size=20 total=1
2026-08-20T21:13:32.114+01:00  INFO 10364 --- [0.1-8000-exec-5] c.e.f.generated.FilterxQueryService      : filterx_query entity=Book action=query page=1 size=20 total=1
2026-08-20T21:13:32.151+01:00  INFO 10364 --- [0.1-8000-exec-6] c.e.f.generated.FilterxQueryService      : filterx_query entity=Book action=query page=1 size=20 total=2
2026-08-20T21:13:32.165+01:00  INFO 10364 --- [0.1-8000-exec-7] c.e.f.generated.FilterxQueryService      : filterx_query entity=Book action=query page=1 size=20 total=1
2026-08-20T21:13:32.202+01:00  INFO 10364 --- [0.1-8000-exec-8] c.e.f.generated.FilterxQueryService      : filterx_query entity=Book action=query page=1 size=20 total=1
2026-08-20T21:13:32.223+01:00  INFO 10364 --- [0.1-8000-exec-9] c.e.f.generated.FilterxQueryService      : filterx_query entity=Book action=query page=1 size=20 total=2
2026-08-20T21:13:32.241+01:00  INFO 10364 --- [.1-8000-exec-10] c.e.f.generated.FilterxQueryService      : filterx_query entity=Book action=query page=1 size=1 total=2
2026-08-20T21:13:32.252+01:00  INFO 10364 --- [0.1-8000-exec-1] c.e.f.generated.FilterxQueryService      : filterx_query entity=Book action=query page=2 size=1 total=2
2026-08-20T21:13:32.268+01:00  INFO 10364 --- [0.1-8000-exec-2] c.e.f.generated.FilterxQueryService      : filterx_query entity=Book action=query page=3 size=1 total=2
2026-08-20T21:13:32.353+01:00  INFO 10364 --- [0.1-8000-exec-3] c.e.f.generated.FilterxQueryService      : filterx_query entity=Book action=filter page=1 size=20 total=1
2026-08-20T21:13:32.369+01:00  INFO 10364 --- [0.1-8000-exec-4] c.e.f.generated.FilterxQueryService      : filterx_query entity=Book action=filter page=1 size=20 total=2
2026-08-20T21:13:32.448+01:00  INFO 10364 --- [         task-1] c.e.f.generated.FilterxQueryService      : filterx_query entity=Book action=export page=1 size=250 total=2
2026-08-20T21:13:32.486+01:00  INFO 10364 --- [         task-2] c.e.f.generated.FilterxQueryService      : filterx_query entity=Book action=export page=1 size=250 total=2
2026-08-20T21:13:33.040+01:00  INFO 10364 --- [         task-3] c.e.f.generated.FilterxQueryService      : filterx_query entity=Book action=export page=1 size=250 total=2
