
  .   ____          _            __ _ _
 /\\ / ___'_ __ _ _(_)_ __  __ _ \ \ \ \
( ( )\___ | '_ | '_| | '_ \/ _` | \ \ \ \
 \\/  ___)| |_)| | | | | || (_| |  ) ) ) )
  '  |____| .__|_| |_|_| |_\__, | / / / /
 =========|_|==============|___/=/_/_/_/

 :: Spring Boot ::                (v3.4.7)

2026-08-20T21:08:40.409+01:00  INFO 17360 --- [           main] com.example.FilterxFixtureApplication    : Starting FilterxFixtureApplication v1.0.0 using Java 21.0.8 with PID 17360 (C:\filterx-matrix-20260820\projects\spring-boot-jpa__react-vite\target\filterx-matrix-1.0.0.jar started by raedn in C:\filterx-matrix-20260820\projects\spring-boot-jpa__react-vite)
2026-08-20T21:08:40.414+01:00  INFO 17360 --- [           main] com.example.FilterxFixtureApplication    : No active profile set, falling back to 1 default profile: "default"
2026-08-20T21:08:41.861+01:00  INFO 17360 --- [           main] .s.d.r.c.RepositoryConfigurationDelegate : Bootstrapping Spring Data JPA repositories in DEFAULT mode.
2026-08-20T21:08:41.901+01:00  INFO 17360 --- [           main] .s.d.r.c.RepositoryConfigurationDelegate : Finished Spring Data repository scanning in 27 ms. Found 0 JPA repository interfaces.
2026-08-20T21:08:43.360+01:00  INFO 17360 --- [           main] o.s.b.w.embedded.tomcat.TomcatWebServer  : Tomcat initialized with port 8000 (http)
2026-08-20T21:08:43.379+01:00  INFO 17360 --- [           main] o.apache.catalina.core.StandardService   : Starting service [Tomcat]
2026-08-20T21:08:43.379+01:00  INFO 17360 --- [           main] o.apache.catalina.core.StandardEngine    : Starting Servlet engine: [Apache Tomcat/10.1.42]
2026-08-20T21:08:43.421+01:00  INFO 17360 --- [           main] o.a.c.c.C.[Tomcat].[localhost].[/]       : Initializing Spring embedded WebApplicationContext
2026-08-20T21:08:43.421+01:00  INFO 17360 --- [           main] w.s.c.ServletWebServerApplicationContext : Root WebApplicationContext: initialization completed in 2953 ms
2026-08-20T21:08:43.753+01:00  INFO 17360 --- [           main] o.hibernate.jpa.internal.util.LogHelper  : HHH000204: Processing PersistenceUnitInfo [name: default]
2026-08-20T21:08:43.833+01:00  INFO 17360 --- [           main] org.hibernate.Version                    : HHH000412: Hibernate ORM core version 6.6.18.Final
2026-08-20T21:08:43.870+01:00  INFO 17360 --- [           main] o.h.c.internal.RegionFactoryInitiator    : HHH000026: Second-level cache disabled
2026-08-20T21:08:44.181+01:00  INFO 17360 --- [           main] o.s.o.j.p.SpringPersistenceUnitInfo      : No LoadTimeWeaver setup: ignoring JPA class transformer
2026-08-20T21:08:44.262+01:00  INFO 17360 --- [           main] com.zaxxer.hikari.HikariDataSource       : HikariPool-1 - Starting...
2026-08-20T21:08:48.804+01:00  INFO 17360 --- [           main] com.zaxxer.hikari.pool.HikariPool        : HikariPool-1 - Added connection conn1: url=jdbc:h2:file:./filterx user=
2026-08-20T21:08:48.806+01:00  INFO 17360 --- [           main] com.zaxxer.hikari.HikariDataSource       : HikariPool-1 - Start completed.
2026-08-20T21:08:48.882+01:00  INFO 17360 --- [           main] org.hibernate.orm.connections.pooling    : HHH10001005: Database info:
	Database JDBC URL [Connecting through datasource 'HikariDataSource (HikariPool-1)']
	Database driver: undefined/unknown
	Database version: 2.3.232
	Autocommit mode: undefined/unknown
	Isolation level: undefined/unknown
	Minimum pool size: undefined/unknown
	Maximum pool size: undefined/unknown
2026-08-20T21:08:49.925+01:00  INFO 17360 --- [           main] o.h.e.t.j.p.i.JtaPlatformInitiator       : HHH000489: No JTA platform available (set 'hibernate.transaction.jta.platform' to enable JTA platform integration)
2026-08-20T21:08:49.975+01:00  INFO 17360 --- [           main] j.LocalContainerEntityManagerFactoryBean : Initialized JPA EntityManagerFactory for persistence unit 'default'
2026-08-20T21:08:50.889+01:00  WARN 17360 --- [           main] .s.s.UserDetailsServiceAutoConfiguration : 

Using generated security password: 463786ee-0dcf-4e0e-9ac9-504b18b83b06

This generated password is for development use only. Your security configuration must be updated before running your application in production.

2026-08-20T21:08:50.930+01:00  INFO 17360 --- [           main] r$InitializeUserDetailsManagerConfigurer : Global AuthenticationManager configured with UserDetailsService bean with name inMemoryUserDetailsManager
2026-08-20T21:08:53.329+01:00  INFO 17360 --- [           main] o.s.b.w.embedded.tomcat.TomcatWebServer  : Tomcat started on port 8000 (http) with context path '/'
2026-08-20T21:08:53.353+01:00  INFO 17360 --- [           main] com.example.FilterxFixtureApplication    : Started FilterxFixtureApplication in 13.533 seconds (process running for 14.145)
2026-08-20T21:08:53.560+01:00  INFO 17360 --- [0.1-8000-exec-1] o.a.c.c.C.[Tomcat].[localhost].[/]       : Initializing Spring DispatcherServlet 'dispatcherServlet'
2026-08-20T21:08:53.560+01:00  INFO 17360 --- [0.1-8000-exec-1] o.s.web.servlet.DispatcherServlet        : Initializing Servlet 'dispatcherServlet'
2026-08-20T21:08:53.561+01:00  INFO 17360 --- [0.1-8000-exec-1] o.s.web.servlet.DispatcherServlet        : Completed initialization in 1 ms
2026-08-20T21:08:54.003+01:00  INFO 17360 --- [0.1-8000-exec-3] c.e.f.generated.FilterxQueryService      : filterx_query entity=Book action=query page=1 size=20 total=2
2026-08-20T21:08:54.046+01:00  INFO 17360 --- [0.1-8000-exec-4] c.e.f.generated.FilterxQueryService      : filterx_query entity=Book action=query page=1 size=20 total=1
2026-08-20T21:08:54.064+01:00  INFO 17360 --- [0.1-8000-exec-5] c.e.f.generated.FilterxQueryService      : filterx_query entity=Book action=query page=1 size=20 total=1
2026-08-20T21:08:54.091+01:00  INFO 17360 --- [0.1-8000-exec-6] c.e.f.generated.FilterxQueryService      : filterx_query entity=Book action=query page=1 size=20 total=2
2026-08-20T21:08:54.103+01:00  INFO 17360 --- [0.1-8000-exec-8] c.e.f.generated.FilterxQueryService      : filterx_query entity=Book action=query page=1 size=20 total=1
2026-08-20T21:08:54.144+01:00  INFO 17360 --- [0.1-8000-exec-7] c.e.f.generated.FilterxQueryService      : filterx_query entity=Book action=query page=1 size=20 total=1
2026-08-20T21:08:54.167+01:00  INFO 17360 --- [0.1-8000-exec-9] c.e.f.generated.FilterxQueryService      : filterx_query entity=Book action=query page=1 size=20 total=2
2026-08-20T21:08:54.202+01:00  INFO 17360 --- [.1-8000-exec-10] c.e.f.generated.FilterxQueryService      : filterx_query entity=Book action=query page=1 size=1 total=2
2026-08-20T21:08:54.235+01:00  INFO 17360 --- [0.1-8000-exec-1] c.e.f.generated.FilterxQueryService      : filterx_query entity=Book action=query page=2 size=1 total=2
2026-08-20T21:08:54.255+01:00  INFO 17360 --- [0.1-8000-exec-2] c.e.f.generated.FilterxQueryService      : filterx_query entity=Book action=query page=3 size=1 total=2
2026-08-20T21:08:54.377+01:00  INFO 17360 --- [0.1-8000-exec-3] c.e.f.generated.FilterxQueryService      : filterx_query entity=Book action=filter page=1 size=20 total=1
2026-08-20T21:08:54.400+01:00  INFO 17360 --- [0.1-8000-exec-4] c.e.f.generated.FilterxQueryService      : filterx_query entity=Book action=filter page=1 size=20 total=2
2026-08-20T21:08:54.555+01:00  INFO 17360 --- [         task-1] c.e.f.generated.FilterxQueryService      : filterx_query entity=Book action=export page=1 size=250 total=2
2026-08-20T21:08:54.590+01:00  INFO 17360 --- [         task-2] c.e.f.generated.FilterxQueryService      : filterx_query entity=Book action=export page=1 size=250 total=2
2026-08-20T21:08:55.225+01:00  INFO 17360 --- [         task-3] c.e.f.generated.FilterxQueryService      : filterx_query entity=Book action=export page=1 size=250 total=2
