
  .   ____          _            __ _ _
 /\\ / ___'_ __ _ _(_)_ __  __ _ \ \ \ \
( ( )\___ | '_ | '_| | '_ \/ _` | \ \ \ \
 \\/  ___)| |_)| | | | | || (_| |  ) ) ) )
  '  |____| .__|_| |_|_| |_\__, | / / / /
 =========|_|==============|___/=/_/_/_/

 :: Spring Boot ::                (v3.4.7)

2026-08-20T21:11:27.893+01:00  INFO 25436 --- [           main] com.example.FilterxFixtureApplication    : Starting FilterxFixtureApplication v1.0.0 using Java 21.0.8 with PID 25436 (C:\filterx-matrix-20260820\projects\spring-boot-jpa__nextjs\target\filterx-matrix-1.0.0.jar started by raedn in C:\filterx-matrix-20260820\projects\spring-boot-jpa__nextjs)
2026-08-20T21:11:27.895+01:00  INFO 25436 --- [           main] com.example.FilterxFixtureApplication    : No active profile set, falling back to 1 default profile: "default"
2026-08-20T21:11:29.062+01:00  INFO 25436 --- [           main] .s.d.r.c.RepositoryConfigurationDelegate : Bootstrapping Spring Data JPA repositories in DEFAULT mode.
2026-08-20T21:11:29.089+01:00  INFO 25436 --- [           main] .s.d.r.c.RepositoryConfigurationDelegate : Finished Spring Data repository scanning in 18 ms. Found 0 JPA repository interfaces.
2026-08-20T21:11:30.199+01:00  INFO 25436 --- [           main] o.s.b.w.embedded.tomcat.TomcatWebServer  : Tomcat initialized with port 8000 (http)
2026-08-20T21:11:30.222+01:00  INFO 25436 --- [           main] o.apache.catalina.core.StandardService   : Starting service [Tomcat]
2026-08-20T21:11:30.222+01:00  INFO 25436 --- [           main] o.apache.catalina.core.StandardEngine    : Starting Servlet engine: [Apache Tomcat/10.1.42]
2026-08-20T21:11:30.269+01:00  INFO 25436 --- [           main] o.a.c.c.C.[Tomcat].[localhost].[/]       : Initializing Spring embedded WebApplicationContext
2026-08-20T21:11:30.271+01:00  INFO 25436 --- [           main] w.s.c.ServletWebServerApplicationContext : Root WebApplicationContext: initialization completed in 2322 ms
2026-08-20T21:11:30.579+01:00  INFO 25436 --- [           main] o.hibernate.jpa.internal.util.LogHelper  : HHH000204: Processing PersistenceUnitInfo [name: default]
2026-08-20T21:11:30.649+01:00  INFO 25436 --- [           main] org.hibernate.Version                    : HHH000412: Hibernate ORM core version 6.6.18.Final
2026-08-20T21:11:30.691+01:00  INFO 25436 --- [           main] o.h.c.internal.RegionFactoryInitiator    : HHH000026: Second-level cache disabled
2026-08-20T21:11:30.945+01:00  INFO 25436 --- [           main] o.s.o.j.p.SpringPersistenceUnitInfo      : No LoadTimeWeaver setup: ignoring JPA class transformer
2026-08-20T21:11:30.969+01:00  INFO 25436 --- [           main] com.zaxxer.hikari.HikariDataSource       : HikariPool-1 - Starting...
2026-08-20T21:11:35.380+01:00  INFO 25436 --- [           main] com.zaxxer.hikari.pool.HikariPool        : HikariPool-1 - Added connection conn1: url=jdbc:h2:file:./filterx user=
2026-08-20T21:11:35.382+01:00  INFO 25436 --- [           main] com.zaxxer.hikari.HikariDataSource       : HikariPool-1 - Start completed.
2026-08-20T21:11:35.429+01:00  INFO 25436 --- [           main] org.hibernate.orm.connections.pooling    : HHH10001005: Database info:
	Database JDBC URL [Connecting through datasource 'HikariDataSource (HikariPool-1)']
	Database driver: undefined/unknown
	Database version: 2.3.232
	Autocommit mode: undefined/unknown
	Isolation level: undefined/unknown
	Minimum pool size: undefined/unknown
	Maximum pool size: undefined/unknown
2026-08-20T21:11:36.169+01:00  INFO 25436 --- [           main] o.h.e.t.j.p.i.JtaPlatformInitiator       : HHH000489: No JTA platform available (set 'hibernate.transaction.jta.platform' to enable JTA platform integration)
2026-08-20T21:11:36.204+01:00  INFO 25436 --- [           main] j.LocalContainerEntityManagerFactoryBean : Initialized JPA EntityManagerFactory for persistence unit 'default'
2026-08-20T21:11:36.894+01:00  WARN 25436 --- [           main] .s.s.UserDetailsServiceAutoConfiguration : 

Using generated security password: 6d0f1a63-4a29-4499-9d47-4ab28f4294f7

This generated password is for development use only. Your security configuration must be updated before running your application in production.

2026-08-20T21:11:36.930+01:00  INFO 25436 --- [           main] r$InitializeUserDetailsManagerConfigurer : Global AuthenticationManager configured with UserDetailsService bean with name inMemoryUserDetailsManager
2026-08-20T21:11:38.341+01:00  INFO 25436 --- [           main] o.s.b.w.embedded.tomcat.TomcatWebServer  : Tomcat started on port 8000 (http) with context path '/'
2026-08-20T21:11:38.357+01:00  INFO 25436 --- [           main] com.example.FilterxFixtureApplication    : Started FilterxFixtureApplication in 10.89 seconds (process running for 11.349)
2026-08-20T21:11:38.688+01:00  INFO 25436 --- [0.1-8000-exec-1] o.a.c.c.C.[Tomcat].[localhost].[/]       : Initializing Spring DispatcherServlet 'dispatcherServlet'
2026-08-20T21:11:38.689+01:00  INFO 25436 --- [0.1-8000-exec-1] o.s.web.servlet.DispatcherServlet        : Initializing Servlet 'dispatcherServlet'
2026-08-20T21:11:38.690+01:00  INFO 25436 --- [0.1-8000-exec-1] o.s.web.servlet.DispatcherServlet        : Completed initialization in 1 ms
2026-08-20T21:11:39.127+01:00  INFO 25436 --- [0.1-8000-exec-3] c.e.f.generated.FilterxQueryService      : filterx_query entity=Book action=query page=1 size=20 total=2
2026-08-20T21:11:39.169+01:00  INFO 25436 --- [0.1-8000-exec-4] c.e.f.generated.FilterxQueryService      : filterx_query entity=Book action=query page=1 size=20 total=1
2026-08-20T21:11:39.203+01:00  INFO 25436 --- [0.1-8000-exec-5] c.e.f.generated.FilterxQueryService      : filterx_query entity=Book action=query page=1 size=20 total=1
2026-08-20T21:11:39.240+01:00  INFO 25436 --- [0.1-8000-exec-6] c.e.f.generated.FilterxQueryService      : filterx_query entity=Book action=query page=1 size=20 total=2
2026-08-20T21:11:39.261+01:00  INFO 25436 --- [0.1-8000-exec-7] c.e.f.generated.FilterxQueryService      : filterx_query entity=Book action=query page=1 size=20 total=1
2026-08-20T21:11:39.333+01:00  INFO 25436 --- [0.1-8000-exec-8] c.e.f.generated.FilterxQueryService      : filterx_query entity=Book action=query page=1 size=20 total=1
2026-08-20T21:11:39.368+01:00  INFO 25436 --- [0.1-8000-exec-9] c.e.f.generated.FilterxQueryService      : filterx_query entity=Book action=query page=1 size=20 total=2
2026-08-20T21:11:39.407+01:00  INFO 25436 --- [.1-8000-exec-10] c.e.f.generated.FilterxQueryService      : filterx_query entity=Book action=query page=1 size=1 total=2
2026-08-20T21:11:39.438+01:00  INFO 25436 --- [0.1-8000-exec-1] c.e.f.generated.FilterxQueryService      : filterx_query entity=Book action=query page=2 size=1 total=2
2026-08-20T21:11:39.473+01:00  INFO 25436 --- [0.1-8000-exec-2] c.e.f.generated.FilterxQueryService      : filterx_query entity=Book action=query page=3 size=1 total=2
2026-08-20T21:11:39.578+01:00  INFO 25436 --- [0.1-8000-exec-3] c.e.f.generated.FilterxQueryService      : filterx_query entity=Book action=filter page=1 size=20 total=1
2026-08-20T21:11:39.605+01:00  INFO 25436 --- [0.1-8000-exec-4] c.e.f.generated.FilterxQueryService      : filterx_query entity=Book action=filter page=1 size=20 total=2
2026-08-20T21:11:39.703+01:00  INFO 25436 --- [         task-1] c.e.f.generated.FilterxQueryService      : filterx_query entity=Book action=export page=1 size=250 total=2
2026-08-20T21:11:39.743+01:00  INFO 25436 --- [         task-2] c.e.f.generated.FilterxQueryService      : filterx_query entity=Book action=export page=1 size=250 total=2
2026-08-20T21:11:40.244+01:00  INFO 25436 --- [         task-3] c.e.f.generated.FilterxQueryService      : filterx_query entity=Book action=export page=1 size=250 total=2
