
  .   ____          _            __ _ _
 /\\ / ___'_ __ _ _(_)_ __  __ _ \ \ \ \
( ( )\___ | '_ | '_| | '_ \/ _` | \ \ \ \
 \\/  ___)| |_)| | | | | || (_| |  ) ) ) )
  '  |____| .__|_| |_|_| |_\__, | / / / /
 =========|_|==============|___/=/_/_/_/

 :: Spring Boot ::                (v3.4.7)

2026-08-20T21:07:24.921+01:00  INFO 5888 --- [           main] com.example.FilterxFixtureApplication    : Starting FilterxFixtureApplication v1.0.0 using Java 21.0.8 with PID 5888 (C:\filterx-matrix-20260820\projects\spring-boot-jpa__angular\target\filterx-matrix-1.0.0.jar started by raedn in C:\filterx-matrix-20260820\projects\spring-boot-jpa__angular)
2026-08-20T21:07:24.923+01:00  INFO 5888 --- [           main] com.example.FilterxFixtureApplication    : No active profile set, falling back to 1 default profile: "default"
2026-08-20T21:07:25.817+01:00  INFO 5888 --- [           main] .s.d.r.c.RepositoryConfigurationDelegate : Bootstrapping Spring Data JPA repositories in DEFAULT mode.
2026-08-20T21:07:25.840+01:00  INFO 5888 --- [           main] .s.d.r.c.RepositoryConfigurationDelegate : Finished Spring Data repository scanning in 14 ms. Found 0 JPA repository interfaces.
2026-08-20T21:07:26.505+01:00  INFO 5888 --- [           main] o.s.b.w.embedded.tomcat.TomcatWebServer  : Tomcat initialized with port 8000 (http)
2026-08-20T21:07:26.537+01:00  INFO 5888 --- [           main] o.apache.catalina.core.StandardService   : Starting service [Tomcat]
2026-08-20T21:07:26.538+01:00  INFO 5888 --- [           main] o.apache.catalina.core.StandardEngine    : Starting Servlet engine: [Apache Tomcat/10.1.42]
2026-08-20T21:07:26.588+01:00  INFO 5888 --- [           main] o.a.c.c.C.[Tomcat].[localhost].[/]       : Initializing Spring embedded WebApplicationContext
2026-08-20T21:07:26.589+01:00  INFO 5888 --- [           main] w.s.c.ServletWebServerApplicationContext : Root WebApplicationContext: initialization completed in 1605 ms
2026-08-20T21:07:26.833+01:00  INFO 5888 --- [           main] o.hibernate.jpa.internal.util.LogHelper  : HHH000204: Processing PersistenceUnitInfo [name: default]
2026-08-20T21:07:26.903+01:00  INFO 5888 --- [           main] org.hibernate.Version                    : HHH000412: Hibernate ORM core version 6.6.18.Final
2026-08-20T21:07:26.946+01:00  INFO 5888 --- [           main] o.h.c.internal.RegionFactoryInitiator    : HHH000026: Second-level cache disabled
2026-08-20T21:07:27.293+01:00  INFO 5888 --- [           main] o.s.o.j.p.SpringPersistenceUnitInfo      : No LoadTimeWeaver setup: ignoring JPA class transformer
2026-08-20T21:07:27.339+01:00  INFO 5888 --- [           main] com.zaxxer.hikari.HikariDataSource       : HikariPool-1 - Starting...
2026-08-20T21:07:31.745+01:00  INFO 5888 --- [           main] com.zaxxer.hikari.pool.HikariPool        : HikariPool-1 - Added connection conn1: url=jdbc:h2:file:./filterx user=
2026-08-20T21:07:31.747+01:00  INFO 5888 --- [           main] com.zaxxer.hikari.HikariDataSource       : HikariPool-1 - Start completed.
2026-08-20T21:07:31.795+01:00  INFO 5888 --- [           main] org.hibernate.orm.connections.pooling    : HHH10001005: Database info:
	Database JDBC URL [Connecting through datasource 'HikariDataSource (HikariPool-1)']
	Database driver: undefined/unknown
	Database version: 2.3.232
	Autocommit mode: undefined/unknown
	Isolation level: undefined/unknown
	Minimum pool size: undefined/unknown
	Maximum pool size: undefined/unknown
2026-08-20T21:07:32.637+01:00  INFO 5888 --- [           main] o.h.e.t.j.p.i.JtaPlatformInitiator       : HHH000489: No JTA platform available (set 'hibernate.transaction.jta.platform' to enable JTA platform integration)
2026-08-20T21:07:32.706+01:00  INFO 5888 --- [           main] j.LocalContainerEntityManagerFactoryBean : Initialized JPA EntityManagerFactory for persistence unit 'default'
2026-08-20T21:07:32.814+01:00  WARN 5888 --- [           main] .s.s.UserDetailsServiceAutoConfiguration : 

Using generated security password: 29b88744-fb66-436b-87af-5e558e8be305

This generated password is for development use only. Your security configuration must be updated before running your application in production.

2026-08-20T21:07:32.848+01:00  INFO 5888 --- [           main] r$InitializeUserDetailsManagerConfigurer : Global AuthenticationManager configured with UserDetailsService bean with name inMemoryUserDetailsManager
2026-08-20T21:07:33.657+01:00  INFO 5888 --- [           main] o.s.b.w.embedded.tomcat.TomcatWebServer  : Tomcat started on port 8000 (http) with context path '/'
2026-08-20T21:07:33.683+01:00  INFO 5888 --- [           main] com.example.FilterxFixtureApplication    : Started FilterxFixtureApplication in 9.488 seconds (process running for 10.007)
2026-08-20T21:07:34.111+01:00  INFO 5888 --- [0.1-8000-exec-1] o.a.c.c.C.[Tomcat].[localhost].[/]       : Initializing Spring DispatcherServlet 'dispatcherServlet'
2026-08-20T21:07:34.111+01:00  INFO 5888 --- [0.1-8000-exec-1] o.s.web.servlet.DispatcherServlet        : Initializing Servlet 'dispatcherServlet'
2026-08-20T21:07:34.113+01:00  INFO 5888 --- [0.1-8000-exec-1] o.s.web.servlet.DispatcherServlet        : Completed initialization in 2 ms
